.next/types/app/app/api/review-links/[reviewLinkId]/revoke/route.ts(2,24): error TS2306: File 'C:/Users/bassa/Documents/clientcanvas/app/app/api/review-links/[reviewLinkId]/revoke/route.ts' is not a module.
.next/types/app/app/api/review-links/[reviewLinkId]/revoke/route.ts(5,29): error TS2306: File 'C:/Users/bassa/Documents/clientcanvas/app/app/api/review-links/[reviewLinkId]/revoke/route.ts' is not a module.
.next/types/validator.ts(287,39): error TS2306: File 'C:/Users/bassa/Documents/clientcanvas/app/app/api/review-links/[reviewLinkId]/revoke/route.ts' is not a module.
app/api/public/review/[token]/comment/route.ts(22,50): error TS2339: Property 'status' does not exist on type 'never'.
app/api/public/review/[token]/comment/route.ts(31,8): error TS2769: No overload matches this call.
  Overload 1 of 2, '(values: never, options?: { count?: "exact" | "planned" | "estimated"; }): PostgrestFilterBuilder<{ PostgrestVersion: string; }, never, never, null, "comments", never, "POST">', gave the following error.
    Argument of type '{ design_id: any; author_name: string; body: string; }' is not assignable to parameter of type 'never'.
  Overload 2 of 2, '(values: never[], options?: { count?: "exact" | "planned" | "estimated"; defaultToNull?: boolean; }): PostgrestFilterBuilder<{ PostgrestVersion: string; }, never, never, null, "comments", never, "POST">', gave the following error.
    Object literal may only specify known properties, and 'design_id' does not exist in type 'never[]'.
app/api/public/review/[token]/comment/route.ts(32,31): error TS2339: Property 'design_id' does not exist on type 'never'.
app/api/public/review/[token]/decision/route.ts(22,50): error TS2339: Property 'status' does not exist on type 'never'.
app/api/public/review/[token]/decision/route.ts(40,8): error TS2769: No overload matches this call.
  Overload 1 of 2, '(values: never, options?: { count?: "exact" | "planned" | "estimated"; }): PostgrestFilterBuilder<{ PostgrestVersion: string; }, never, never, null, "review_decisions", never, "POST">', gave the following error.
    Argument of type '{ review_link_id: any; decision: string; reviewer_name: string; notes: string; }' is not assignable to parameter of type 'never'.
  Overload 2 of 2, '(values: never[], options?: { count?: "exact" | "planned" | "estimated"; defaultToNull?: boolean; }): PostgrestFilterBuilder<{ PostgrestVersion: string; }, never, never, null, "review_decisions", never, "POST">', gave the following error.
    Object literal may only specify known properties, and 'review_link_id' does not exist in type 'never[]'.
app/api/public/review/[token]/decision/route.ts(41,36): error TS2339: Property 'id' does not exist on type 'never'.
app/api/public/review/[token]/decision/route.ts(58,15): error TS2345: Argument of type '{ status: string; }' is not assignable to parameter of type 'never'.
app/api/public/review/[token]/decision/route.ts(61,28): error TS2339: Property 'design_id' does not exist on type 'never'.
app/api/public/review/[token]/route.ts(20,42): error TS2339: Property 'status' does not exist on type 'never'.
app/api/public/review/[token]/route.ts(30,26): error TS2339: Property 'design_id' does not exist on type 'never'.
app/api/public/review/[token]/route.ts(36,33): error TS2339: Property 'design_id' does not exist on type 'never'.
app/api/public/review/[token]/route.ts(42,38): error TS2339: Property 'id' does not exist on type 'never'.
app/review/[token]/page.tsx(21,33): error TS2339: Property 'status' does not exist on type 'never'.
app/review/[token]/page.tsx(28,26): error TS2339: Property 'design_id' does not exist on type 'never'.
app/review/[token]/page.tsx(38,29): error TS2339: Property 'id' does not exist on type 'never'.
app/review/[token]/page.tsx(44,38): error TS2339: Property 'id' does not exist on type 'never'.
app/review/[token]/page.tsx(51,20): error TS2339: Property 'id' does not exist on type 'never'.
app/review/[token]/page.tsx(52,23): error TS2339: Property 'title' does not exist on type 'never'.
app/review/[token]/page.tsx(53,24): error TS2339: Property 'status' does not exist on type 'never'.
components/create-design-form.tsx(16,51): error TS2769: No overload matches this call.
  Overload 1 of 2, '(action: (state: FormData) => FormData | Promise<FormData>, initialState: FormData, permalink?: string): [state: FormData, dispatch: () => void, isPending: boolean]', gave the following error.
    Argument of type '(formData: FormData) => Promise<{ ok: boolean; error: string; }>' is not assignable to parameter of type '(state: FormData) => FormData | Promise<FormData>'.
      Type 'Promise<{ ok: boolean; error: string; }>' is not assignable to type 'FormData | Promise<FormData>'.
        Type 'Promise<{ ok: boolean; error: string; }>' is not assignable to type 'Promise<FormData>'.
          Type '{ ok: boolean; error: string; }' is missing the following properties from type 'FormData': append, delete, get, getAll, and 7 more.
  Overload 2 of 2, '(action: (state: FormData, payload: unknown) => FormData | Promise<FormData>, initialState: FormData, permalink?: string): [state: FormData, dispatch: (payload: unknown) => void, isPending: boolean]', gave the following error.
    Argument of type '(formData: FormData) => Promise<{ ok: boolean; error: string; }>' is not assignable to parameter of type '(state: FormData, payload: unknown) => FormData | Promise<FormData>'.
      Type 'Promise<{ ok: boolean; error: string; }>' is not assignable to type 'FormData | Promise<FormData>'.
        Type 'Promise<{ ok: boolean; error: string; }>' is not assignable to type 'Promise<FormData>'.
          Type '{ ok: boolean; error: string; }' is missing the following properties from type 'FormData': append, delete, get, getAll, and 7 more.
components/create-design-form.tsx(48,15): error TS2339: Property 'error' does not exist on type 'FormData'.
components/create-design-form.tsx(48,62): error TS2339: Property 'error' does not exist on type 'FormData'.
components/create-workspace-form.tsx(12,51): error TS2769: No overload matches this call.
  Overload 1 of 2, '(action: (state: FormData) => FormData | Promise<FormData>, initialState: FormData, permalink?: string): [state: FormData, dispatch: () => void, isPending: boolean]', gave the following error.
    Argument of type '(formData: FormData) => Promise<{ ok: boolean; error: string; }>' is not assignable to parameter of type '(state: FormData) => FormData | Promise<FormData>'.
      Type 'Promise<{ ok: boolean; error: string; }>' is not assignable to type 'FormData | Promise<FormData>'.
        Type 'Promise<{ ok: boolean; error: string; }>' is not assignable to type 'Promise<FormData>'.
          Type '{ ok: boolean; error: string; }' is missing the following properties from type 'FormData': append, delete, get, getAll, and 7 more.
  Overload 2 of 2, '(action: (state: FormData, payload: unknown) => FormData | Promise<FormData>, initialState: FormData, permalink?: string): [state: FormData, dispatch: (payload: unknown) => void, isPending: boolean]', gave the following error.
    Argument of type '(formData: FormData) => Promise<{ ok: boolean; error: string; }>' is not assignable to parameter of type '(state: FormData, payload: unknown) => FormData | Promise<FormData>'.
      Type 'Promise<{ ok: boolean; error: string; }>' is not assignable to type 'FormData | Promise<FormData>'.
        Type 'Promise<{ ok: boolean; error: string; }>' is not assignable to type 'Promise<FormData>'.
          Type '{ ok: boolean; error: string; }' is missing the following properties from type 'FormData': append, delete, get, getAll, and 7 more.
components/create-workspace-form.tsx(37,15): error TS2339: Property 'error' does not exist on type 'FormData'.
components/create-workspace-form.tsx(37,62): error TS2339: Property 'error' does not exist on type 'FormData'.
lib/publishing-service.ts(23,15): error TS2345: Argument of type '{ status: string; }' is not assignable to parameter of type 'never'.
lib/publishing-service.ts(26,21): error TS2339: Property 'id' does not exist on type 'never'.
lib/publishing-service.ts(32,35): error TS2339: Property 'channel' does not exist on type 'never'.
lib/publishing-service.ts(36,15): error TS2345: Argument of type '{ status: string; external_id: string; error_message: null; }' is not assignable to parameter of type 'never'.
lib/publishing-service.ts(41,21): error TS2339: Property 'id' does not exist on type 'never'.
